2025-05-10 21:23:20,598 - INFO - 相似度字典已保存到../../tmp_result/ItemCF目录下
2025-05-10 21:35:30,897 - INFO - 用户交互序列已保存到../../tmp_result/ItemCF目录下
2025-05-10 21:35:50,615 - INFO - 相似度字典已保存到../../tmp_result/ItemCF目录下
2025-05-11 20:09:59,374 - INFO - 成功读取用户点击序列
2025-05-11 20:10:05,332 - INFO - 成功读取物品相似度字典
2025-05-11 20:12:10,410 - INFO - 成功读取用户点击序列
2025-05-11 20:12:16,429 - INFO - 成功读取物品相似度字典
2025-05-11 20:12:16,429 - INFO - 物品 1 的前5个相似物品:
2025-05-11 20:12:16,429 - INFO -   - 1265: 0.6300
2025-05-11 20:12:16,429 - INFO -   - 3114: 0.6153
2025-05-11 20:12:16,429 - INFO -   - 588: 0.6112
2025-05-11 20:12:16,430 - INFO -   - 34: 0.5799
2025-05-11 20:12:16,430 - INFO -   - 356: 0.5749
2025-05-11 20:18:19,889 - INFO - 成功读取用户点击序列
2025-05-11 20:18:26,027 - INFO - 成功读取物品相似度字典
2025-05-11 20:19:18,226 - INFO - 成功读取用户点击序列
2025-05-11 20:19:24,410 - INFO - 成功读取物品相似度字典
2025-05-11 20:21:16,263 - INFO - 成功读取用户点击序列
2025-05-11 20:21:22,275 - INFO - 成功读取物品相似度字典
2025-05-11 20:24:55,858 - INFO - 成功读取用户点击序列
2025-05-11 20:30:24,500 - INFO - 用户交互序列已保存到../../tmp_result/ItemCF目录下
2025-05-11 20:30:44,115 - INFO - 相似度字典已保存到../../tmp_result/ItemCF目录下
2025-05-11 20:31:28,317 - INFO - 成功读取用户点击序列
2025-05-11 20:33:22,492 - INFO - 成功读取用户点击序列
2025-05-11 20:36:55,146 - INFO - 成功读取用户点击序列
2025-05-11 20:37:01,150 - INFO - 成功读取物品相似度字典
2025-05-11 20:41:00,275 - INFO - 用户交互序列已保存到../../tmp_result/ItemCF目录下
2025-05-11 20:41:19,804 - INFO - 相似度字典已保存到../../tmp_result/ItemCF目录下
2025-05-11 20:41:24,458 - INFO - 成功读取用户点击序列
2025-05-11 20:41:30,619 - INFO - 成功读取物品相似度字典
2025-05-11 20:46:20,274 - INFO - 用户交互序列已保存到../../tmp_result/ItemCF目录下
2025-05-11 20:46:40,942 - INFO - 相似度字典已保存到../../tmp_result/ItemCF目录下
2025-05-11 20:46:45,573 - INFO - 成功读取用户点击序列
2025-05-11 20:46:51,756 - INFO - 成功读取物品相似度字典
2025-05-11 20:47:37,620 - INFO - 成功读取用户点击序列
2025-05-11 20:47:43,885 - INFO - 成功读取物品相似度字典
2025-05-11 20:48:57,468 - INFO - 成功读取用户点击序列
2025-05-11 20:49:03,066 - INFO - 成功读取物品相似度字典
2025-05-11 20:49:41,319 - INFO - 成功生成用户推荐列表
2025-05-11 20:54:04,305 - INFO - 成功读取用户点击序列
2025-05-11 20:54:09,919 - INFO - 成功读取物品相似度字典
2025-05-11 20:54:48,132 - INFO - 成功生成用户推荐列表
2025-05-11 20:54:48,133 - INFO - 召回结果类型: <class 'dict'>

2025-05-11 20:54:48,133 - INFO - 召回的用户数量: 6040

2025-05-11 20:54:48,133 - INFO - 
用户 1 的召回结果:

2025-05-11 20:54:48,133 - INFO -   推荐数量: 100

2025-05-11 20:54:48,133 - INFO -   格式示例: [(364, 1.6239717374074052), (2081, 1.4391773557779357), (1022, 1.3511925828130522)]

2025-05-11 20:54:48,134 - INFO -   分数验证: ✅ 降序排列

2025-05-11 20:54:49,181 - INFO - 召回结果已保存到: ../../dataset/recall_result/ItemCF/recall_result.json
2025-05-12 10:18:03,732 - INFO - ########## 考虑两个item再点击序列中的举例 越近相似度越高
2025-05-12 10:27:01,745 - INFO - 用户交互序列已保存到../../tmp_result/ItemCF目录下
2025-05-12 10:27:24,575 - INFO - 相似度字典已保存到../../tmp_result/ItemCF目录下
2025-05-12 10:27:40,428 - INFO - 成功读取用户点击序列
2025-05-12 10:27:46,432 - INFO - 成功读取物品相似度字典
2025-05-12 10:28:26,798 - INFO - 成功生成用户推荐列表
2025-05-12 10:28:26,798 - INFO - 召回结果类型: <class 'dict'>

2025-05-12 10:28:26,798 - INFO - 召回的用户数量: 6040

2025-05-12 10:28:26,803 - INFO - 最少召回物品数: 100
2025-05-12 10:28:26,803 - INFO - 最多召回物品数: 100
2025-05-12 10:28:26,803 - INFO - 平均召回物品数: 100.00
2025-05-12 10:28:26,804 - INFO - 召回最少的用户示例: [1, 2, 3, 4, 5] (共6040个用户)
2025-05-12 10:28:26,804 - INFO - 
用户 1 的召回结果:

2025-05-12 10:28:26,804 - INFO -   推荐数量: 100

2025-05-12 10:28:26,804 - INFO -   格式示例: [(364, 0.5405348804962904), (2089, 0.396377066236537), (1688, 0.37932896644120084)]

2025-05-12 10:28:26,804 - INFO -   分数验证: ✅ 降序排列

2025-05-12 10:28:27,859 - INFO - 召回结果已保存到: ../../dataset/recall_result/ItemCF/recall_result.json
2025-05-12 10:32:46,060 - INFO - ########## 1.考虑两个item再点击序列中的距离,越近相似度越高 2.对活跃用户进行打压（用户观看越多，他的序列中的电影相似度越低）
2025-05-12 10:42:50,906 - INFO - 用户交互序列已保存到../../tmp_result/ItemCF目录下
2025-05-12 10:43:12,621 - INFO - 相似度字典已保存到../../tmp_result/ItemCF目录下
2025-05-12 10:43:45,284 - INFO - 成功读取用户点击序列
2025-05-12 10:43:51,464 - INFO - 成功读取物品相似度字典
2025-05-12 10:44:31,062 - INFO - 成功生成用户推荐列表
2025-05-12 10:44:31,062 - INFO - 召回结果类型: <class 'dict'>

2025-05-12 10:44:31,062 - INFO - 召回的用户数量: 6040

2025-05-12 10:44:31,068 - INFO - 最少召回物品数: 100
2025-05-12 10:44:31,068 - INFO - 最多召回物品数: 100
2025-05-12 10:44:31,068 - INFO - 平均召回物品数: 100.00
2025-05-12 10:44:31,068 - INFO - 召回最少的用户示例: [1, 2, 3, 4, 5] (共6040个用户)
2025-05-12 10:44:31,068 - INFO - 
用户 1 的召回结果:

2025-05-12 10:44:31,068 - INFO -   推荐数量: 100

2025-05-12 10:44:31,068 - INFO -   格式示例: [(364, 0.10124240156484965), (2089, 0.07136294734628416), (1688, 0.07096247682297832)]

2025-05-12 10:44:31,068 - INFO -   分数验证: ✅ 降序排列

2025-05-12 10:44:32,146 - INFO - 召回结果已保存到: ../../dataset/recall_result/ItemCF/recall_result.json
2025-05-12 10:47:51,859 - INFO - ########## 1.考虑两个item再点击序列中的距离(0.8),越近相似度越高 2.对活跃用户进行打压（用户观看越多，他的序列中的电影相似度越低）
2025-05-12 10:58:02,695 - INFO - 用户交互序列已保存到../../tmp_result/ItemCF目录下
2025-05-12 10:58:25,022 - INFO - 相似度字典已保存到../../tmp_result/ItemCF目录下
2025-05-12 10:58:51,659 - INFO - 成功读取用户点击序列
2025-05-12 10:58:57,712 - INFO - 成功读取物品相似度字典
2025-05-12 10:59:37,084 - INFO - 成功生成用户推荐列表
2025-05-12 10:59:37,084 - INFO - 召回结果类型: <class 'dict'>

2025-05-12 10:59:37,084 - INFO - 召回的用户数量: 6040

2025-05-12 10:59:37,089 - INFO - 最少召回物品数: 100
2025-05-12 10:59:37,089 - INFO - 最多召回物品数: 100
2025-05-12 10:59:37,089 - INFO - 平均召回物品数: 100.00
2025-05-12 10:59:37,089 - INFO - 召回最少的用户示例: [1, 2, 3, 4, 5] (共6040个用户)
2025-05-12 10:59:37,089 - INFO - 
用户 1 的召回结果:

2025-05-12 10:59:37,089 - INFO -   推荐数量: 100

2025-05-12 10:59:37,089 - INFO -   格式示例: [(364, 0.06904026064145087), (1688, 0.04747738742338964), (2089, 0.04713402328385587)]

2025-05-12 10:59:37,089 - INFO -   分数验证: ✅ 降序排列

2025-05-12 10:59:38,145 - INFO - 召回结果已保存到: ../../dataset/recall_result/ItemCF/recall_result.json
2025-05-12 11:01:49,181 - INFO - ########## 1.考虑两个item再点击序列中的距离(0.8),越近相似度越高 2.对活跃用户进行打压（用户观看越多，他的序列中的电影相似度越低）
2025-05-12 11:11:57,436 - INFO - 用户交互序列已保存到../../tmp_result/ItemCF目录下
2025-05-12 11:12:19,893 - INFO - 相似度字典已保存到../../tmp_result/ItemCF目录下
2025-05-12 11:14:20,557 - INFO - 成功读取用户点击序列
2025-05-12 11:14:26,642 - INFO - 成功读取物品相似度字典
2025-05-12 11:15:07,344 - INFO - 成功生成用户推荐列表
2025-05-12 11:15:07,345 - INFO - 召回结果类型: <class 'dict'>

2025-05-12 11:15:07,345 - INFO - 召回的用户数量: 6040

2025-05-12 11:15:07,349 - INFO - 最少召回物品数: 100
2025-05-12 11:15:07,349 - INFO - 最多召回物品数: 100
2025-05-12 11:15:07,349 - INFO - 平均召回物品数: 100.00
2025-05-12 11:15:07,350 - INFO - 召回最少的用户示例: [1, 2, 3, 4, 5] (共6040个用户)
2025-05-12 11:15:07,350 - INFO - 
用户 1 的召回结果:

2025-05-12 11:15:07,350 - INFO -   推荐数量: 100

2025-05-12 11:15:07,350 - INFO -   格式示例: [(364, 0.052633208465700895), (1688, 0.03608326462003763), (2089, 0.03573926005113931)]

2025-05-12 11:15:07,350 - INFO -   分数验证: ✅ 降序排列

2025-05-12 11:15:08,912 - INFO - 召回结果已保存到: ../../dataset/recall_result/ItemCF/recall_result.json
2025-05-12 11:17:26,153 - INFO - ########## 1.考虑两个item再点击序列中的距离(0.8),越近相似度越高 2.对活跃用户进行打压（用户观看越多，他的序列中的电影相似度越低）
2025-05-12 11:27:38,501 - INFO - 用户交互序列已保存到../../tmp_result/ItemCF目录下
2025-05-12 11:28:02,511 - INFO - 相似度字典已保存到../../tmp_result/ItemCF目录下
2025-05-12 11:30:23,166 - INFO - 成功读取用户点击序列
2025-05-12 11:30:29,533 - INFO - 成功读取物品相似度字典
2025-05-12 11:31:11,453 - INFO - 成功生成用户推荐列表
2025-05-12 11:31:11,453 - INFO - 召回结果类型: <class 'dict'>

2025-05-12 11:31:11,453 - INFO - 召回的用户数量: 6040

2025-05-12 11:31:11,464 - INFO - 最少召回物品数: 100
2025-05-12 11:31:11,464 - INFO - 最多召回物品数: 100
2025-05-12 11:31:11,464 - INFO - 平均召回物品数: 100.00
2025-05-12 11:31:11,465 - INFO - 召回最少的用户示例: [1, 2, 3, 4, 5] (共6040个用户)
2025-05-12 11:31:11,465 - INFO - 
用户 1 的召回结果:

2025-05-12 11:31:11,465 - INFO -   推荐数量: 100

2025-05-12 11:31:11,465 - INFO -   格式示例: [(364, 0.04254030153529085), (1688, 0.029269945516141073), (2089, 0.028853805150026616)]

2025-05-12 11:31:11,466 - INFO -   分数验证: ✅ 降序排列

2025-05-12 11:31:12,580 - INFO - 召回结果已保存到: ../../dataset/recall_result/ItemCF/recall_result.json
2025-05-12 11:36:33,402 - INFO - ########## 1.考虑两个item再点击序列中的距离(0.8),越近相似度越高 2.对活跃用户进行打压（用户观看越多，他的序列中的电影相似度越低）
2025-05-12 11:46:53,028 - INFO - 用户交互序列已保存到../../tmp_result/ItemCF目录下
2025-05-12 11:47:15,814 - INFO - 相似度字典已保存到../../tmp_result/ItemCF目录下
2025-05-12 11:47:20,819 - INFO - 成功读取用户点击序列
2025-05-12 11:47:27,099 - INFO - 成功读取物品相似度字典
2025-05-12 11:48:06,551 - INFO - 成功生成用户推荐列表
2025-05-12 11:48:06,551 - INFO - 召回结果类型: <class 'dict'>

2025-05-12 11:48:06,551 - INFO - 召回的用户数量: 6040

2025-05-12 11:48:06,555 - INFO - 最少召回物品数: 100
2025-05-12 11:48:06,555 - INFO - 最多召回物品数: 100
2025-05-12 11:48:06,555 - INFO - 平均召回物品数: 100.00
2025-05-12 11:48:06,555 - INFO - 召回最少的用户示例: [1, 2, 3, 4, 5] (共6040个用户)
2025-05-12 11:48:06,555 - INFO - 
用户 1 的召回结果:

2025-05-12 11:48:06,555 - INFO -   推荐数量: 100

2025-05-12 11:48:06,555 - INFO -   格式示例: [(364, 0.03564440903640807), (1688, 0.024671655007183903), (2089, 0.024175746117797048)]

2025-05-12 11:48:06,555 - INFO -   分数验证: ✅ 降序排列

2025-05-12 11:48:07,591 - INFO - 召回结果已保存到: ../../dataset/recall_result/ItemCF/recall_result.json
2025-05-12 11:49:16,493 - INFO - ########## 1.考虑两个item再点击序列中的距离(0.7),越近相似度越高 2.对活跃用户进行打压（用户观看越多，他的序列中的电影相似度越低）
2025-05-12 11:59:21,171 - INFO - 用户交互序列已保存到../../tmp_result/ItemCF目录下
2025-05-12 11:59:43,909 - INFO - 相似度字典已保存到../../tmp_result/ItemCF目录下
2025-05-12 12:44:47,764 - INFO - 成功读取用户点击序列
2025-05-12 12:44:55,106 - INFO - 成功读取物品相似度字典
2025-05-12 12:45:34,316 - INFO - 成功生成用户推荐列表
2025-05-12 12:45:34,317 - INFO - 召回结果类型: <class 'dict'>

2025-05-12 12:45:34,317 - INFO - 召回的用户数量: 6040

2025-05-12 12:45:34,320 - INFO - 最少召回物品数: 100
2025-05-12 12:45:34,320 - INFO - 最多召回物品数: 100
2025-05-12 12:45:34,320 - INFO - 平均召回物品数: 100.00
2025-05-12 12:45:34,320 - INFO - 召回最少的用户示例: [1, 2, 3, 4, 5] (共6040个用户)
2025-05-12 12:45:34,320 - INFO - 
用户 1 的召回结果:

2025-05-12 12:45:34,320 - INFO -   推荐数量: 100

2025-05-12 12:45:34,320 - INFO -   格式示例: [(364, 0.052633208465700895), (1688, 0.03608326462003763), (2089, 0.03573926005113931)]

2025-05-12 12:45:34,320 - INFO -   分数验证: ✅ 降序排列

2025-05-12 12:45:35,696 - INFO - 召回结果已保存到: ../../dataset/recall_result/ItemCF/recall_result.json
