2025-05-11 21:12:43,559 - ERROR - 加载召回结果失败: [Errno 2] No such file or directory: '../../tmp_result/ItemCF/recall_result.json'
2025-05-11 21:12:43,559 - INFO - 召回率@ 10: 0.0000
2025-05-11 21:12:43,559 - INFO - 召回率@ 30: 0.0000
2025-05-11 21:12:43,559 - INFO - 召回率@ 50: 0.0000
2025-05-11 21:12:43,559 - INFO - 召回率@ 100: 0.0000
2025-05-11 21:15:05,299 - ERROR - 加载召回结果失败: [Errno 2] No such file or directory: '../../tmp_result/ItemCF/recall_result.json'
2025-05-11 21:15:05,299 - INFO - 召回率@ 10: 0.0000
2025-05-11 21:15:05,299 - INFO - 召回率@ 30: 0.0000
2025-05-11 21:15:05,299 - INFO - 召回率@ 50: 0.0000
2025-05-11 21:15:05,299 - INFO - 召回率@ 100: 0.0000
2025-05-11 21:15:05,299 - INFO - 召回率指标已保存到 ../dataset/evaluate_recall/evaluate_itemCF.json
2025-05-11 21:15:25,706 - ERROR - 加载召回结果失败: [Errno 2] No such file or directory: '../../tmp_result/ItemCF/recall_result.json'
2025-05-11 21:15:25,707 - INFO - 召回率@ 10: 0.0000
2025-05-11 21:15:25,707 - INFO - 召回率@ 30: 0.0000
2025-05-11 21:15:25,707 - INFO - 召回率@ 50: 0.0000
2025-05-11 21:15:25,707 - INFO - 召回率@ 100: 0.0000
2025-05-11 21:15:25,707 - INFO - 召回率指标已保存到 ../dataset/evaluate_recall/evaluate_itemCF.json
2025-05-11 21:17:12,224 - ERROR - 加载召回结果失败: int() argument must be a string, a bytes-like object or a real number, not 'list'
2025-05-11 21:17:12,242 - INFO - 召回率@ 10: 0.0000
2025-05-11 21:17:12,242 - INFO - 召回率@ 30: 0.0000
2025-05-11 21:17:12,242 - INFO - 召回率@ 50: 0.0000
2025-05-11 21:17:12,242 - INFO - 召回率@ 100: 0.0000
2025-05-11 21:17:12,243 - INFO - 召回率指标已保存到 ../dataset/evaluate_recall/evaluate_itemCF.json
2025-05-11 21:17:46,964 - INFO - 成功加载召回结果，包含 6040 个用户
2025-05-11 21:17:46,982 - INFO - 召回率@ 10: 0.1111
2025-05-11 21:17:46,982 - INFO - 召回率@ 30: 0.2052
2025-05-11 21:17:46,982 - INFO - 召回率@ 50: 0.2686
2025-05-11 21:17:46,982 - INFO - 召回率@ 100: 0.3839
2025-05-11 21:17:46,982 - INFO - 召回率指标已保存到 ../dataset/evaluate_recall/evaluate_itemCF.json
2025-05-12 10:14:24,500 - INFO - 验证集用户召回率：
2025-05-12 10:14:24,954 - INFO - 成功加载召回结果，包含 6040 个用户
2025-05-12 10:14:24,964 - INFO - 召回率@ 10: 0.1070
2025-05-12 10:14:24,964 - INFO - 召回率@ 30: 0.1990
2025-05-12 10:14:24,964 - INFO - 召回率@ 50: 0.2730
2025-05-12 10:14:24,964 - INFO - 召回率@ 100: 0.3965
2025-05-12 10:14:24,965 - INFO - 召回率指标已保存到 ../dataset/evaluate_recall/evaluate_itemCF.json
2025-05-12 10:28:57,524 - INFO - 验证集用户召回率：（考虑物品在点击序列中的距离）
2025-05-12 10:28:57,852 - INFO - 成功加载召回结果，包含 6040 个用户
2025-05-12 10:28:57,861 - INFO - 召回率@ 10: 0.2105
2025-05-12 10:28:57,861 - INFO - 召回率@ 30: 0.3705
2025-05-12 10:28:57,861 - INFO - 召回率@ 50: 0.4590
2025-05-12 10:28:57,861 - INFO - 召回率@ 100: 0.5610
2025-05-12 10:28:57,862 - INFO - 召回率指标已保存到 ../dataset/evaluate_recall/evaluate_itemCF.json
2025-05-12 10:44:54,110 - INFO - 验证集用户召回率：（考虑物品在点击序列中的距离）（打压活跃用户）
2025-05-12 10:44:54,441 - INFO - 成功加载召回结果，包含 6040 个用户
2025-05-12 10:44:54,450 - INFO - 召回率@ 10: 0.2105
2025-05-12 10:44:54,450 - INFO - 召回率@ 30: 0.3695
2025-05-12 10:44:54,450 - INFO - 召回率@ 50: 0.4595
2025-05-12 10:44:54,450 - INFO - 召回率@ 100: 0.5605
2025-05-12 10:44:54,451 - INFO - 召回率指标已保存到 ../dataset/evaluate_recall/evaluate_itemCF.json
2025-05-12 11:00:34,210 - INFO - 验证集用户召回率：（考虑物品在点击序列中的距离）（打压活跃用户）
2025-05-12 11:00:34,543 - INFO - 成功加载召回结果，包含 6040 个用户
2025-05-12 11:00:34,551 - INFO - 召回率@ 10: 0.2115
2025-05-12 11:00:34,551 - INFO - 召回率@ 30: 0.3745
2025-05-12 11:00:34,551 - INFO - 召回率@ 50: 0.4595
2025-05-12 11:00:34,551 - INFO - 召回率@ 100: 0.5610
2025-05-12 11:00:34,552 - INFO - 召回率指标已保存到 ../dataset/evaluate_recall/evaluate_itemCF.json
2025-05-12 11:15:52,870 - INFO - 验证集用户召回率：（考虑物品在点击序列中的距离）（打压活跃用户）
2025-05-12 11:15:53,288 - INFO - 成功加载召回结果，包含 6040 个用户
2025-05-12 11:15:53,296 - INFO - 召回率@ 10: 0.2135
2025-05-12 11:15:53,296 - INFO - 召回率@ 30: 0.3775
2025-05-12 11:15:53,296 - INFO - 召回率@ 50: 0.4600
2025-05-12 11:15:53,296 - INFO - 召回率@ 100: 0.5605
2025-05-12 11:15:53,297 - INFO - 召回率指标已保存到 ../dataset/evaluate_recall/evaluate_itemCF.json
2025-05-12 11:31:27,025 - INFO - 验证集用户召回率：（考虑物品在点击序列中的距离）（打压活跃用户）
2025-05-12 11:31:27,364 - INFO - 成功加载召回结果，包含 6040 个用户
2025-05-12 11:31:27,372 - INFO - 召回率@ 10: 0.2160
2025-05-12 11:31:27,372 - INFO - 召回率@ 30: 0.3760
2025-05-12 11:31:27,372 - INFO - 召回率@ 50: 0.4585
2025-05-12 11:31:27,372 - INFO - 召回率@ 100: 0.5610
2025-05-12 11:31:27,374 - INFO - 召回率指标已保存到 ../dataset/evaluate_recall/evaluate_itemCF.json
2025-05-12 11:48:20,332 - INFO - 验证集用户召回率：（考虑物品在点击序列中的距离）（打压活跃用户）
2025-05-12 11:48:20,660 - INFO - 成功加载召回结果，包含 6040 个用户
2025-05-12 11:48:20,668 - INFO - 召回率@ 10: 0.2175
2025-05-12 11:48:20,668 - INFO - 召回率@ 30: 0.3760
2025-05-12 11:48:20,668 - INFO - 召回率@ 50: 0.4575
2025-05-12 11:48:20,668 - INFO - 召回率@ 100: 0.5605
2025-05-12 11:48:20,670 - INFO - 召回率指标已保存到 ../dataset/evaluate_recall/evaluate_itemCF.json
2025-05-12 12:53:04,602 - INFO - 验证集用户召回率：（考虑物品在点击序列中的距离）（打压活跃用户）
2025-05-12 12:53:04,983 - INFO - 成功加载召回结果，包含 6040 个用户
2025-05-12 12:53:04,991 - INFO - 召回率@ 10: 0.2135
2025-05-12 12:53:04,991 - INFO - 召回率@ 30: 0.3775
2025-05-12 12:53:04,991 - INFO - 召回率@ 50: 0.4600
2025-05-12 12:53:04,991 - INFO - 召回率@ 100: 0.5605
2025-05-12 12:53:04,993 - INFO - 召回率指标已保存到 ../dataset/evaluate_recall/evaluate_itemCF.json
